---
source: tests/render_snapshots.rs
expression: "render_ansi(&root, &panes)"
---
[1;1H[38;5;14m[49m┌[1;2H────────────────────────────────[1;34H┤[1;35H build logs ├[1;48H────────────────────────────────[1;80H┐[2;1H│[2;2H[39malpha[2;80H[38;5;14m││[3;80H││[4;80H││[5;80H││[6;80H││[7;80H││[8;80H││[9;80H││[10;80H││[11;80H││[12;80H││[13;80H││[14;80H││[15;80H││[16;80H││[17;80H││[18;80H││[19;80H││[20;80H││[21;80H││[22;80H││[23;80H│[24;1H└[24;2H──────────────────────────────────────────────────────────────────────────────[24;80H┘
