---
source: tests/render_snapshots.rs
expression: "render_ansi(&root, &panes)"
---
[1;1H[m[m┌──────────────────────────────────────┐[m┌──────────────────────────────────────┐[m│[mleft[2;7Htop[2;40H[m│[m│[mright[2;48Htop[2;80H[m│[m│[3;40H│[m│[3;80H│[m│[4;40H│[m│[4;80H│[m│[5;40H│[m│[5;80H│[m│[6;40H│[m│[6;80H│[m│[7;40H│[m│[7;80H│[m│[8;40H│[m│[8;80H│[m│[9;40H│[m│[9;80H│[m│[10;40H│[m│[10;80H│[m│[11;40H│[m│[11;80H│[m└──────────────────────────────────────┘[m└──────────────────────────────────────┘┌──────────────────────────────────────┐┌──────────────────────────────────────┐│[mleft[14;7Hbottom[14;40H[m││[mright[14;48Hbottom[14;80H[m││[15;40H││[15;80H││[16;40H││[16;80H││[17;40H││[17;80H││[18;40H││[18;80H││[19;40H││[19;80H││[20;40H││[20;80H││[21;40H││[21;80H││[22;40H││[22;80H││[23;40H││[23;80H│└──────────────────────────────────────┘└──────────────────────────────────────┘
